2025-09-23 00:35:50 - watch?v=tMmwLWB1cqs&list=RDtMmwLWB1cqs&start_radio=1&pp=oAcB
2025-09-23 00:36:00 - Best Nightcore Gaming Mix 2025 ♫ Gaming Music Mix ♫ New Music 2025 EDM Gaming Music
2025-09-23 00:56:24 - watch?v=tMmwLWB1cqs&list=RDtMmwLWB1cqs&start_radio=1&pp=oAcB
2025-09-23 00:56:34 - Best Nightcore Gaming Mix 2025 ♫ Gaming Music Mix ♫ New Music 2025 EDM Gaming Music
2025-09-23 01:02:01 - watch?v=tMmwLWB1cqs&list=RDtMmwLWB1cqs&start_radio=1&pp=oAcB
2025-09-23 01:02:10 - Best Nightcore Gaming Mix 2025 ♫ Gaming Music Mix ♫ New Music 2025 EDM Gaming Music
2025-09-23 01:04:13 - watch?v=tMmwLWB1cqs&list=RDtMmwLWB1cqs&start_radio=1&pp=oAcB
2025-09-23 01:04:24 - Best Nightcore Gaming Mix 2025 ♫ Gaming Music Mix ♫ New Music 2025 EDM Gaming Music
2025-09-23 02:38:46 - watch?v=tMmwLWB1cqs
2025-09-23 02:38:56 - Best Nightcore Gaming Mix 2025 ♫ Gaming Music Mix ♫ New Music 2025 EDM Gaming Music
2025-09-23 04:13:04 - watch?v=mS_xZJzftqc
2025-09-23 04:13:14 - David Laid X Nevada - Vicetone (Slowed + Reverb)
2025-09-23 04:17:44 - watch?v=cMg8KaMdDYo
2025-09-23 04:17:56 - TheFatRat - Fly Away feat. Anjulie
2025-09-23 04:21:09 - watch?v=fVeD9vWCpZ8
2025-09-23 04:21:20 - Sabai - Million Days (Official Lyric Video) ft. Hoang & Claire Ridgely
2025-09-23 04:24:47 - watch?v=38750lf-u5w
2025-09-23 04:24:58 - Illenium - Fractures (Feat. Nevve)
2025-09-23 04:29:02 - watch?v=iWy4W5JLcNo
2025-09-23 04:29:13 - Miles Away - Bring Me Back (Official Lyric Video) ft. Claire Ridgely
2025-09-23 04:32:54 - watch?v=6RLLOEzdxsM
2025-09-23 04:33:04 - Alan Walker - All Falls Down (feat. Noah Cyrus with Digital Farm Animals)
2025-09-23 04:36:43 - watch?v=h--P8HzYZ74
2025-09-23 04:36:55 - Zedd, Alessia Cara - Stay (Lyric Video)
2025-09-23 04:40:26 - watch?v=kRauptdx_Is
2025-09-23 04:40:44 - Vicetone - Walk Thru Fire (Lyrics) ft. Meron Ryan
2025-09-23 04:43:57 - watch?v=3pEe3mw-zJA
2025-09-23 04:44:08 - I Want You To Know - Zedd ft. Selena Gomez | Steve James Remix (Lyrics + Vietsub) ♫
2025-09-23 04:48:40 - watch?v=bdE_SyHad90
2025-09-23 04:48:51 - Robin Hustin x TobiMorrow - Light It Up (feat. Jex) | Future Bounce | NCS - Copyright Free Music
2025-09-23 04:51:54 - watch?v=ou0phHbzz-0
2025-09-23 04:52:05 - Dj Kantik - Teriyaki Boyz - Tokyo Drift & Sean Paul - Temperature (Remix)
2025-09-23 04:55:54 - watch?v=kXhBKjDKF84
2025-09-23 04:56:05 - David Guetta & Bebe Rexha - I'm Good (Blue) [Live Performance]
2025-09-23 04:58:58 - watch?v=lzkKzZmRZk8
2025-09-23 04:59:10 - The Chainsmokers, ILLENIUM - Takeaway (Official Video) ft. Lennon Stella
2025-09-23 05:02:57 - watch?v=GvB3OzTicQo
2025-09-23 05:03:08 - Danny Avila - End Of The Night (Official Music Video)
2025-09-23 05:06:32 - watch?v=C7DCLdMSYW0
2025-09-23 05:06:44 - Vicetone - Waiting (Lyrics) ft. Daisy Guttridge
2025-09-23 05:10:08 - watch?v=1kehqCLudyg
2025-09-23 05:10:19 - SHAUN feat. Conor Maynard - Way Back Home (Lyrics) Sam Feldt Edit
2025-09-23 05:13:29 - watch?v=oJuGlqO85YI
2025-09-23 05:13:40 - TheFatRat & Anjulie - Close To The Sun
2025-09-23 05:17:04 - watch?v=dZbU19tD0qA
2025-09-23 05:17:15 - MitiS - Homesick (Lyrics) feat. SOUNDR
2025-09-23 05:22:42 - watch?v=7i0gz1sVs4w
2025-09-23 05:22:53 - William Black - Deep Blue (Lyrics) ft. Monika Santucci
2025-09-23 05:26:13 - watch?v=h6BSKFAZ37E
2025-09-23 05:26:26 - Hoang - Run Back to You (Official Lyric Video) feat. Alisa
2025-09-23 05:29:38 - watch?v=RgKAFK5djSk
2025-09-23 05:29:50 - Wiz Khalifa - See You Again ft. Charlie Puth [Official Video] Furious 7 Soundtrack
2025-09-23 05:33:45 - watch?v=kFZo7yJ2ONg
2025-09-23 05:33:57 - Nightcore - Hiding In The Blue (Lyrics)
2025-09-23 05:37:15 - watch?v=Dsi5uZxoy-E
2025-09-23 05:37:27 - Nightcore - Linked - (Lyrics)
2025-09-23 05:40:38 - watch?v=feozaMn4fU4
2025-09-23 05:40:49 - Nightcore -  Monody x Unity x Rise Up x Close to the Sun... AND MORE! (TheFatRat Mashup) / SV
2025-09-23 05:46:44 - watch?v=tnW_DJHT6Jk
2025-09-23 05:46:56 - MOKKAI - Ride on Time
2025-09-23 05:50:25 - watch?v=PmVu2R6CGvY
2025-09-23 05:50:37 - Nightcore - PLAY x Dance Monkey x Faded ↬ Switching Vocals
2025-09-23 05:54:40 - watch?v=8N_aay0ddcY
2025-09-23 05:54:52 - Nightcore - Darkside - (Alan Walker / Lyrics)
2025-09-23 05:57:56 - watch?v=oewdcKAq3f4
2025-09-23 05:58:08 - 「Nightcore」→ We'll Meet Again - (Lyrics) | TheFatRat & Laura Brehm
2025-09-23 06:01:05 - watch?v=ADUx42iJc2U
2025-09-23 06:01:17 - 【Nightcore】→ Unity (Alan Walker) || Lyrics
2025-09-23 06:04:10 - watch?v=OqCCXaDxZEs
2025-09-23 06:04:22 - Nightcore - Dreams pt. II | Lost Sky feat. Sara Skinner [Sped Up]
2025-09-23 06:07:29 - watch?v=bBFohcOoJ-0
2025-09-23 06:07:41 - Nightcore - Mortals x Royalty (Mashup) (Lyrics)
2025-09-23 06:10:53 - watch?v=GUbBS66JcNA
2025-09-23 06:11:06 - Nightcore - Give Myself To You (TheFatRat & Laura Brehm) (Lyrics)
2025-09-23 06:13:30 - watch?v=vEcWiHBj1Kg
2025-09-23 06:13:42 - CALL OF SILENCE x FAKE LOVE - MinhAk Remix | Nhạc remix hot tiktok Attack On Titan
2025-09-23 06:20:18 - watch?v=40itObVqNM4
2025-09-23 06:20:29 - ONLY US - TEEME x ZENIX REMIX ♫ NHƯ THẾ NÀO LÀ EDM GÂY NGHIỆN ?
2025-09-23 06:27:46 - watch?v=AnMhdn0wJ4I
2025-09-23 06:27:58 - Vicetone - Nevada (ft. Cozi Zuehlsdorff)
2025-09-23 06:31:25 - watch?v=p8mXiXztB-c
2025-09-23 06:31:37 - Call of Silence（Remix）
2025-09-23 06:36:15 - watch?v=AU5VpETlXi8
2025-09-23 06:36:27 - Only Us - Emotional Future Bass | Aerwavez Music
2025-09-23 06:40:51 - watch?v=15H0jdKhKtE
2025-09-23 06:41:03 - Arc North ft. Krista Marina - Meant To Be [Official Video]
2025-09-23 06:44:30 - watch?v=RfXLyP2_XbA
2025-09-23 06:44:43 - DEAMN - Sign (Lyric)
2025-09-23 06:47:53 - watch?v=mGQFZxIuURE
2025-09-23 06:48:05 - Mike Perry - The Ocean (ft. Shy Martin) [Lyrics CC]
2025-09-23 06:51:05 - watch?v=3KadWjpqDXs
2025-09-23 06:51:16 - WITH YOU (NGẪU HỨNG) | HOAPROX, NICK STRAND & MIO | OFFICIAL MV
2025-09-23 06:54:30 - watch?v=IGE_n50WXqo
2025-09-23 06:54:43 - Nightcore - Running Wild (Lyrics)
2025-09-23 06:57:26 - watch?v=9f1golenLOo
2025-09-23 06:57:38 - Nightcore - Carry On (Lost Sky & Anna Yvette) (Lyrics)
2025-09-23 07:00:44 - watch?v=QRAf6lG-8r0
2025-09-23 07:00:57 - Nightcore - Feelin Again (Lyrics)
2025-09-23 07:04:32 - watch?v=VmaAE20XUy0
2025-09-23 07:04:45 - Nightcore - Safe & Sound - (Lyrics)
2025-09-23 07:07:49 - watch?v=zlPKvC0Zbw8
2025-09-23 07:08:08 - Nightcore - Back One Day (TheFatRat & NEFFEX) (Lyrics)
2025-09-23 07:11:28 - watch?v=jUViyhRCi5U
2025-09-23 07:11:48 - Nightstep - Move Into Light
2025-09-23 07:15:30 - watch?v=GTwqh9rRRmc
2025-09-23 07:15:41 - ARAYA - What If (Lyrics) ft. RUNN
2025-09-23 07:18:58 - watch?v=vI1WnpwpxA8
2025-09-23 07:19:09 - Trivecta & Stefan PVDS - Echoes (Lyrics) Afinity Remix
2025-09-23 07:22:41 - watch?v=aS3buiED72Q
2025-09-23 07:23:01 - Hoang & With Løve - Kids Again (Lyrics) feat. Trella
2025-09-23 07:26:34 - watch?v=YhvdUfhWUgk
2025-09-23 07:26:45 - Thomas Vouz & GLNNA - Intertwine (Lyrics)
2025-09-23 07:30:02 - watch?v=L7kF4MXXCoA
2025-09-23 07:30:14 - Lost Sky - Dreams pt. II (feat. Sara Skinner) | Trap | NCS - Copyright Free Music
2025-09-23 07:33:48 - watch?v=WjvgroNlV-c
2025-09-23 07:34:08 - Unknown Brain - Inspiration (feat. Aviella) // NCS Lyrics Video
2025-09-23 07:37:07 - watch?v=SllMowPE6TE
2025-09-23 07:37:19 - 「Nightcore」 Loved By You - SLICA & Donna Tella ♡ (Lyrics)
2025-09-23 07:41:11 - watch?v=60ItHLz5WEA
2025-09-23 07:41:23 - Alan Walker - Faded
2025-09-23 07:44:54 - watch?v=NcSuwuuMvSI
2025-09-23 07:45:06 - @RihannaVEVO  - Diamonds (Jerber lazaro Remix)
2025-09-23 07:48:34 - watch?v=_niG5GJ6eto
2025-09-23 07:48:46 - Gryffin - Tie Me Down (Lyrics) ft. Elley Duhé
2025-09-23 07:52:22 - watch?v=euCqAq6BRa4
2025-09-23 07:52:35 - DJ Snake - Let Me Love You ft. Justin Bieber
2025-09-23 07:55:58 - watch?v=hpBKf4yvdyU
2025-09-23 07:56:10 - Kastra - Fool For You (Lyric Video) [Ultra Music]
2025-09-23 07:59:37 - watch?v=DbCgj6tdYKk
2025-09-23 07:59:49 - William Black - Whiplash (Lyrics)
2025-09-23 08:03:22 - watch?v=XAYXscBZBY0
2025-09-23 08:03:42 - Nightcore - The Maze
2025-09-23 08:06:41 - watch?v=9MyMuCBnVsw
2025-09-23 08:06:53 - Nightcore → Anywhere I Go
2025-09-23 08:09:51 - watch?v=sywd2u--ybo
2025-09-23 08:10:04 - 【GMV】- Something Just Like This
2025-09-23 08:13:21 - watch?v=jdPma4MO1po
2025-09-23 08:13:34 - Nightcore - Savannah | Diviners feat. Philly K [Sped Up]
2025-09-23 08:16:34 - watch?v=YzUfaTnokhw
2025-09-23 08:16:46 - Nightcore - Back Into Strangers | Home By Dawn, Astraye & Meggie York [Sped Up]
2025-09-23 08:19:39 - watch?v=yZJF7ygLaHQ
2025-09-23 08:19:52 - Nightcore - You Need To Know | Axel Johansson [Sped Up]
2025-09-23 08:22:56 - watch?v=lmszJUs8lUQ
2025-09-23 08:23:07 - Nightcore - Roses (Lyrics)
2025-09-23 08:24:52 - watch?v=E1zhRPcIPK0
2025-09-23 08:25:04 - Nightcore - Me And My Broken Heart (Lyrics)
2025-09-23 08:27:25 - watch?v=5XTYtFm2KR8
2025-09-23 08:27:37 - Nightcore - Payphone (Lyrics)
2025-09-23 08:29:57 - watch?v=xCUGRN0aJzU
2025-09-23 08:30:09 - DA KEY (If Gurbane) - MinhAK Remix
2025-09-23 08:35:13 - watch?v=8fe_eF4ydOg
2025-09-23 08:35:25 - CỐT TRUYỆN BI THƯƠNG x I Need U - MinhAK Remix | Nhạc Remix Tiktok 2025
2025-09-23 08:40:46 - watch?v=AQn8VTHTUmM
2025-09-23 08:40:58 - Gentle Bad (if GUrbane) - MinhAK Remix
2025-09-23 08:46:48 - watch?v=PZJUEuUCGv8
2025-09-23 08:47:00 - Nắng Lung Linh - MinhAK Remix
2025-09-23 08:51:12 - watch?v=hQLFjgw1CfE
2025-09-23 08:51:24 - LETTING GO ( FIX VERSION ) - CHIDORI REMIX || SINGLE TRACK REMIX
2025-09-23 08:56:23 - watch?v=ALZHF5UqnU4
2025-09-23 08:56:44 - Marshmello - Alone (Official Music Video)
2025-09-23 09:00:02 - watch?v=tcHJodG5hX8
2025-09-23 09:00:14 - Unknown Brain - Why Do I? (feat. Bri Tolani) | Trap | NCS - Copyright Free Music
2025-09-23 09:03:56 - watch?v=sPdYWZNgYyk
2025-09-23 09:04:07 - Said The Sky - Reminisce (Lyrics) feat. Taylor Acorn
2025-09-23 09:06:51 - watch?v=_X--xYexBdI
2025-09-23 09:07:03 - Gryffin - Body Back ft. Maia Wright (Official Music Video)
2025-09-23 09:10:33 - watch?v=cHHLHGNpCSA
2025-09-23 09:10:45 - Avicii - Waiting For Love
2025-09-23 09:14:33 - watch?v=n1a7o44WxNo
2025-09-23 09:14:43 - Zedd - Beautiful Now ft. Jon Bellion (Official Music Video)
2025-09-23 09:18:54 - watch?v=ouEl3qTLc0M
2025-09-23 09:19:05 - Alan Walker, Dash Berlin & Vikkstar - Better Off (Alone, Pt. III) - Official Music Video
2025-09-23 09:21:34 - watch?v=M-P4QBt-FWw
2025-09-23 09:21:46 - Alan Walker - Darkside (feat. Au/Ra and Tomine Harket)
2025-09-23 09:25:44 - watch?v=AEHGw7qc9Lk
2025-09-23 09:25:54 - Martin Garrix & David Guetta - So Far Away (Lyrics / Lyric Video) feat. Jamie Scott & Romy Dya
2025-09-23 09:28:56 - watch?v=FM7MFYoylVs
2025-09-23 09:29:07 - The Chainsmokers & Coldplay - Something Just Like This (Official Lyric Video)
2025-09-23 09:33:12 - watch?v=iDgoqe-v-io
2025-09-23 09:33:22 - Vicetone - Way Back (feat. Cozi Zuehlsdorff)
2025-09-23 09:36:50 - watch?v=JlFyWVPrsD4
2025-09-23 09:37:00 - yetep - Hate It When It's You (Lyrics) feat. Trella
2025-09-23 09:40:48 - watch?v=0MwnoC5bCoA
2025-09-23 09:40:58 - Orlost & UNDEFYND - See You Again (Lyrics) ft. Donna Tella
2025-09-23 09:45:53 - watch?v=_jUJowFPYyg
2025-09-23 09:46:03 - Hoang & VLCN - Better Now (Lyrics) feat. Casey Cook
2025-09-23 09:49:10 - watch?v=aaY_OO1_TUg
2025-09-23 09:49:20 - Britt Lari - Sleepy Eyes (Lyrics) with Ray Le Fanue
2025-09-23 09:52:02 - watch?v=bNFpanJnIZk
2025-09-23 09:52:12 - Dabin & Said The Sky - In The End feat. Clara Mae (Lyrics) Jason Ross Remix
2025-09-23 09:55:33 - watch?v=-YMoAHYgEtg
2025-09-23 09:55:44 - Orlost & UNDEFYND - Here's To Hope (Lyrics) feat. RUNN
2025-09-23 09:59:15 - watch?v=LLAYHfRrIMQ
2025-09-23 09:59:25 - Nightcore - No Control - (Lyrics)
2025-09-23 10:02:03 - watch?v=gCYcHz2k5x0
2025-09-23 10:02:14 - Martin Garrix - Animals (Official Video)
2025-09-23 10:05:24 - watch?v=6AHLjpw3O18
2025-09-23 10:05:34 - Spektrem (Jesse Warren) - Miles Above You
2025-09-23 10:10:06 - watch?v=H78YW7ycuwI
2025-09-23 10:10:17 - Avicii - The Nights (Lyrics) "my father told me"
2025-09-23 10:13:09 - watch?v=wJnBTPUQS5A
2025-09-23 10:13:27 - Alan Walker - The Spectre
2025-09-23 10:16:52 - watch?v=epd6ewgpS1o
2025-09-23 10:17:03 - Klaas & Ruiz - Feel Only Love
2025-09-23 10:19:31 - watch?v=mtUCy-G85lE
2025-09-23 10:19:41 - Ventaria - Fade Away (Lyrics)
2025-09-23 10:22:30 - watch?v=Q1cOYBPSNPE
2025-09-23 10:22:40 - Astronomia (Vicetone & Tony Igy) ♫ Shuffle Dance Special Music Video
2025-09-23 10:31:07 - Best Nightcore Gaming Mix 2025 ♫ Gaming Music Mix ♫ New Music 2025 EDM Gaming Music
2025-09-23 10:59:41 - watch?v=3Sv3oR-rHAw
2025-09-23 10:59:55 - Thám Tử Lừng Danh Conan - Tập 573 - Mori Kogoro nghỉ làm thám tử (Phần 2) - Trọn Bộ Conan
2025-09-23 11:04:18 - watch?v=pYAVcjSo6hI&pp=ygUFY29uYW4=
2025-09-23 11:04:30 - Thám Tử Lừng Danh Conan - Tập 926 | Vụ Án Nobunaga 450 | Bản Lồng Tiếng
2025-09-23 11:09:03 - watch?v=eh67wS92Pb0
2025-09-23 11:09:16 - Nhạc Chill TikTok 2025 - Những Bản Nhạc Chill Nhẹ Nhàng Hay Nhất☘️Nhạc Lofi Chill Buồn Hot TikTok
2025-09-23 11:12:25 - watch?v=3Sv3oR-rHAw
2025-09-23 11:12:37 - Thám Tử Lừng Danh Conan - Tập 573 - Mori Kogoro nghỉ làm thám tử (Phần 2) - Trọn Bộ Conan
2025-09-23 11:16:22 - watch?v=3Sv3oR-rHAw
2025-09-23 11:16:32 - Thám Tử Lừng Danh Conan - Tập 573 - Mori Kogoro nghỉ làm thám tử (Phần 2) - Trọn Bộ Conan
2025-09-23 11:21:10 - watch?v=3Sv3oR-rHAw
2025-09-23 11:21:22 - Thám Tử Lừng Danh Conan - Tập 573 - Mori Kogoro nghỉ làm thám tử (Phần 2) - Trọn Bộ Conan
2025-09-23 13:09:15 - watch?v=iR8S8sTlQq4&list=RDiR8S8sTlQq4&start_radio=1&pp=oAcB
2025-09-23 13:09:33 - [playlist] Chill Japanese songs😈 - 何も考えたくない日に聴くチル＆中毒的なJapanese songs playlist🎧
2025-09-23 13:14:30 - watch?v=iR8S8sTlQq4&list=RDiR8S8sTlQq4&start_radio=1&pp=oAcB
2025-09-23 13:14:41 - [playlist] Chill Japanese songs😈 - 何も考えたくない日に聴くチル＆中毒的なJapanese songs playlist🎧
2025-09-23 13:15:46 - watch?v=AU5VpETlXi8
2025-09-23 13:19:39 - watch?v=iR8S8sTlQq4&list=RDiR8S8sTlQq4&start_radio=1&pp=oAcB
2025-09-23 13:19:52 - [playlist] Chill Japanese songs😈 - 何も考えたくない日に聴くチル＆中毒的なJapanese songs playlist🎧
2025-09-23 13:23:11 - [playlist] Chill Japanese songs😈 - 何も考えたくない日に聴くチル＆中毒的なJapanese songs playlist🎧
2025-09-23 13:24:41 - watch?v=iR8S8sTlQq4&list=RDiR8S8sTlQq4&start_radio=1&pp=oAcB
2025-09-23 13:24:53 - [playlist] Chill Japanese songs😈 - 何も考えたくない日に聴くチル＆中毒的なJapanese songs playlist🎧
2025-09-23 13:28:26 - watch?v=iR8S8sTlQq4&list=RDiR8S8sTlQq4&start_radio=1&pp=oAcB
2025-09-23 13:28:36 - [playlist] Chill Japanese songs😈 - 何も考えたくない日に聴くチル＆中毒的なJapanese songs playlist🎧
2025-09-23 13:33:13 - watch?v=iR8S8sTlQq4&list=RDiR8S8sTlQq4&start_radio=1&pp=oAcB
2025-09-23 13:33:23 - [playlist] Chill Japanese songs😈 - 何も考えたくない日に聴くチル＆中毒的なJapanese songs playlist🎧
2025-09-23 13:34:20 - [playlist] Chill Japanese songs😈 - 何も考えたくない日に聴くチル＆中毒的なJapanese songs playlist🎧
2025-09-23 13:37:33 - watch?v=iR8S8sTlQq4&list=RDiR8S8sTlQq4&start_radio=1&pp=oAcB
2025-09-23 13:37:43 - [playlist] Chill Japanese songs😈 - 何も考えたくない日に聴くチル＆中毒的なJapanese songs playlist🎧
2025-09-23 21:40:21 - watch?v=iR8S8sTlQq4&list=RDiR8S8sTlQq4&start_radio=1&pp=oAcB
2025-09-23 21:40:34 - [playlist] Chill Japanese songs😈 - 何も考えたくない日に聴くチル＆中毒的なJapanese songs playlist🎧
2025-09-23 21:50:00 - watch?v=iR8S8sTlQq4&list=RDiR8S8sTlQq4&start_radio=1&pp=oAcB
2025-09-23 21:50:12 - [playlist] Chill Japanese songs😈 - 何も考えたくない日に聴くチル＆中毒的なJapanese songs playlist🎧
2025-09-23 22:30:34 - watch?v=tMmwLWB1cqs&list=RDtMmwLWB1cqs&start_radio=1&pp=oAcB
2025-09-23 22:30:45 - Best Nightcore Gaming Mix 2025 ♫ Gaming Music Mix ♫ New Music 2025 EDM Gaming Music
2025-09-23 22:32:37 - watch?v=tMmwLWB1cqs&list=RDtMmwLWB1cqs&start_radio=1&pp=oAcB
2025-09-23 22:32:47 - Best Nightcore Gaming Mix 2025 ♫ Gaming Music Mix ♫ New Music 2025 EDM Gaming Music
2025-09-23 22:35:38 - watch?v=tMmwLWB1cqs&list=RDtMmwLWB1cqs&start_radio=1&pp=oAcB
2025-09-23 22:35:48 - Best Nightcore Gaming Mix 2025 ♫ Gaming Music Mix ♫ New Music 2025 EDM Gaming Music
2025-09-24 00:09:58 - watch?v=tMmwLWB1cqs
2025-09-24 00:10:09 - Best Nightcore Gaming Mix 2025 ♫ Gaming Music Mix ♫ New Music 2025 EDM Gaming Music
2025-09-24 01:44:18 - watch?v=AnMhdn0wJ4I
2025-09-24 01:44:29 - Vicetone - Nevada (ft. Cozi Zuehlsdorff)
2025-09-24 01:47:56 - watch?v=KsbbK_yj8Ns
2025-09-24 01:48:08 - Vicetone - Walk Thru Fire (Lyrics) ft. Meron Ryan
2025-09-24 01:51:21 - watch?v=3pEe3mw-zJA
2025-09-24 01:51:33 - I Want You To Know - Zedd ft. Selena Gomez | Steve James Remix (Lyrics + Vietsub) ♫
2025-09-24 01:56:06 - watch?v=bdE_SyHad90
2025-09-24 01:56:18 - Robin Hustin x TobiMorrow - Light It Up (feat. Jex) | Future Bounce | NCS - Copyright Free Music
2025-09-24 01:59:22 - watch?v=vI1WnpwpxA8
2025-09-24 01:59:34 - Trivecta & Stefan PVDS - Echoes (Lyrics) Afinity Remix
2025-09-24 02:03:06 - watch?v=cMg8KaMdDYo
2025-09-24 02:03:20 - TheFatRat - Fly Away feat. Anjulie
2025-09-24 02:06:32 - watch?v=WjvgroNlV-c
2025-09-24 02:06:45 - Unknown Brain - Inspiration (feat. Aviella) // NCS Lyrics Video
2025-09-24 02:09:44 - watch?v=tcHJodG5hX8
2025-09-24 02:09:57 - Unknown Brain - Why Do I? (feat. Bri Tolani) | Trap | NCS - Copyright Free Music
2025-09-24 02:13:38 - watch?v=38750lf-u5w
2025-09-24 02:13:51 - Illenium - Fractures (Feat. Nevve)
2025-09-24 02:17:55 - watch?v=DbCgj6tdYKk
2025-09-24 02:18:08 - William Black - Whiplash (Lyrics)
2025-09-24 02:21:41 - watch?v=HAjRzKCK5UE
2025-09-24 02:21:54 - Alok & Alan Walker - Headlights (Fajar Asia Remix) Dj Valka
2025-09-24 02:24:48 - watch?v=1kehqCLudyg
2025-09-24 02:25:01 - SHAUN feat. Conor Maynard - Way Back Home (Lyrics) Sam Feldt Edit
2025-09-24 02:28:12 - watch?v=nYO-x0drtF4
2025-09-24 02:28:24 - Vicetone - Waiting (Official Video) feat. Daisy Guttridge
2025-09-24 02:31:50 - watch?v=_niG5GJ6eto
2025-09-24 02:32:11 - Gryffin - Tie Me Down (Lyrics) ft. Elley Duhé
2025-09-24 02:35:48 - watch?v=8N_aay0ddcY
2025-09-24 02:36:00 - Nightcore - Darkside - (Alan Walker / Lyrics)
2025-09-24 02:39:04 - watch?v=kFZo7yJ2ONg
2025-09-24 02:39:16 - Nightcore - Hiding In The Blue (Lyrics)
2025-09-24 02:42:34 - watch?v=Dsi5uZxoy-E
2025-09-24 02:42:47 - Nightcore - Linked - (Lyrics)
2025-09-24 02:45:57 - watch?v=feozaMn4fU4
2025-09-24 02:46:10 - Nightcore -  Monody x Unity x Rise Up x Close to the Sun... AND MORE! (TheFatRat Mashup) / SV
2025-09-24 02:52:05 - watch?v=bBFohcOoJ-0
2025-09-24 02:52:18 - Nightcore - Mortals x Royalty (Mashup) (Lyrics)
2025-09-24 02:55:30 - watch?v=ADUx42iJc2U
2025-09-24 02:55:43 - 【Nightcore】→ Unity (Alan Walker) || Lyrics
2025-09-24 02:58:36 - watch?v=9f1golenLOo
2025-09-24 02:58:57 - watch?v=QRAf6lG-8r0
2025-09-24 02:59:10 - Nightcore - Feelin Again (Lyrics)
2025-09-24 03:02:46 - watch?v=GUbBS66JcNA
2025-09-24 03:03:08 - Nightcore - Give Myself To You (TheFatRat & Laura Brehm) (Lyrics)
2025-09-24 03:05:32 - watch?v=zlPKvC0Zbw8
2025-09-24 03:05:54 - Nightcore - Back One Day (TheFatRat & NEFFEX) (Lyrics)
2025-09-24 03:09:14 - watch?v=IGE_n50WXqo
2025-09-24 03:09:26 - Nightcore - Running Wild (Lyrics)
2025-09-24 03:12:09 - watch?v=L7kF4MXXCoA
2025-09-24 03:12:22 - Lost Sky - Dreams pt. II (feat. Sara Skinner) | Trap | NCS - Copyright Free Music
2025-09-24 03:15:56 - watch?v=qGyJkDA1Cxk
2025-09-24 03:16:08 - William Black & Kate Morgan - Save Me (Lyrics)
2025-09-24 03:19:30 - watch?v=SVP0m219PMg
2025-09-24 03:19:51 - Beyond Magic - Save Me Now (Lyrics)
2025-09-24 03:25:08 - watch?v=iDgoqe-v-io
2025-09-24 03:25:21 - Vicetone - Way Back (feat. Cozi Zuehlsdorff)
2025-09-24 03:28:48 - watch?v=ou0phHbzz-0
2025-09-24 03:29:10 - Dj Kantik - Teriyaki Boyz - Tokyo Drift & Sean Paul - Temperature (Remix)
2025-09-24 03:32:58 - watch?v=gCYcHz2k5x0
2025-09-24 03:33:11 - Martin Garrix - Animals (Official Video)
2025-09-24 03:36:21 - watch?v=LLAYHfRrIMQ
2025-09-24 03:36:34 - Nightcore - No Control - (Lyrics)
2025-09-24 03:39:12 - watch?v=40itObVqNM4
2025-09-24 03:39:24 - ONLY US - TEEME x ZENIX REMIX ♫ NHƯ THẾ NÀO LÀ EDM GÂY NGHIỆN ?
2025-09-24 03:46:41 - watch?v=vEcWiHBj1Kg
2025-09-24 03:47:02 - CALL OF SILENCE x FAKE LOVE - MinhAk Remix | Nhạc remix hot tiktok Attack On Titan
2025-09-24 03:53:38 - watch?v=8fe_eF4ydOg
2025-09-24 03:53:51 - CỐT TRUYỆN BI THƯƠNG x I Need U - MinhAK Remix | Nhạc Remix Tiktok 2025
2025-09-24 03:59:12 - watch?v=xCUGRN0aJzU
2025-09-24 03:59:24 - DA KEY (If Gurbane) - MinhAK Remix
2025-09-24 04:04:27 - watch?v=hQLFjgw1CfE
2025-09-24 04:04:40 - LETTING GO ( FIX VERSION ) - CHIDORI REMIX || SINGLE TRACK REMIX
2025-09-24 04:09:39 - watch?v=fVeD9vWCpZ8
2025-09-24 04:09:53 - Sabai - Million Days (Official Lyric Video) ft. Hoang & Claire Ridgely
2025-09-24 04:13:20 - watch?v=_jUJowFPYyg
2025-09-24 04:13:32 - Hoang & VLCN - Better Now (Lyrics) feat. Casey Cook
2025-09-24 04:16:39 - watch?v=0MwnoC5bCoA
2025-09-24 04:17:00 - Orlost & UNDEFYND - See You Again (Lyrics) ft. Donna Tella
2025-09-24 04:21:54 - watch?v=bNFpanJnIZk
2025-09-24 04:22:07 - Dabin & Said The Sky - In The End feat. Clara Mae (Lyrics) Jason Ross Remix
2025-09-24 04:25:28 - watch?v=hcmjarrrrRE
2025-09-24 04:25:41 - Greenice - Falling Into You (Lyrics)
2025-09-24 04:29:04 - watch?v=JlFyWVPrsD4
2025-09-24 04:29:18 - yetep - Hate It When It's You (Lyrics) feat. Trella
2025-09-24 04:33:06 - watch?v=oLBPl-0o8z0
2025-09-24 04:33:27 - watch?v=jqQtVHvk-n4
2025-09-24 04:33:40 - CVllXXX – F??K
2025-09-24 04:36:45 - watch?v=q7GGKyKETJM
2025-09-24 04:37:06 - KJELL - All You Need Is Me (Lyrics)
2025-09-24 04:40:56 - watch?v=DwWyYZzNnYQ
2025-09-24 04:41:09 - Martin Garrix & Arcando - Set Me Free (Lyrics) ft. Bonn
2025-09-24 04:44:17 - watch?v=hpBKf4yvdyU
2025-09-24 04:44:30 - Kastra - Fool For You (Lyric Video) [Ultra Music]
2025-09-24 04:47:56 - watch?v=3KadWjpqDXs
2025-09-24 04:48:08 - WITH YOU (NGẪU HỨNG) | HOAPROX, NICK STRAND & MIO | OFFICIAL MV
2025-09-24 04:51:22 - watch?v=KjtdnQR1V4I
2025-09-24 04:51:35 - Nightcore - Thunder (Gabry Ponte, LUM!X, Prezioso) - (Lyrics)
2025-09-24 04:53:59 - watch?v=UObnAeiDlUY
2025-09-24 04:54:12 - Nightcore - Somebody I Knew (Lyrics)
2025-09-24 04:57:09 - watch?v=M1hUkyqGeLo
2025-09-24 04:57:22 - Nightcore - Symptoms (MitiS & Luma) (Lyrics)
2025-09-24 05:00:38 - watch?v=qgeaoW55Pks
2025-09-24 05:00:59 - Nightcore - Just A Dream
2025-09-24 05:04:40 - watch?v=Z3SUGwwh9CY
2025-09-24 05:04:53 - Nightcore → Unity x Lonely World // SV
2025-09-24 05:08:11 - watch?v=lfUzJXKB64c
2025-09-24 05:08:24 - Nightcore - No Rest (Lyrics)
2025-09-24 05:11:33 - watch?v=A-PMzdjIKWo
2025-09-24 05:11:46 - Nightcore - Myself & I (TheFatRat & RIELL) (Lyrics)
2025-09-24 05:14:48 - watch?v=fynhTdg5Jf8
2025-09-24 05:15:00 - Nightcore - Thunderstorm (Jim Yosef)
2025-09-24 05:17:35 - watch?v=SkCulL3-Z0g
2025-09-24 05:17:47 - Nightcore - Royalty (Wiguez & Alltair Remix) - (Lyrics)
2025-09-24 05:20:54 - watch?v=AU5VpETlXi8
2025-09-24 05:21:16 - Only Us - Emotional Future Bass | Aerwavez Music
2025-09-24 05:25:39 - watch?v=-YMoAHYgEtg
2025-09-24 05:25:51 - Orlost & UNDEFYND - Here's To Hope (Lyrics) feat. RUNN
2025-09-24 05:29:22 - watch?v=DRN4LQANo-c
2025-09-24 05:29:34 - TheFatRat - Killing Me (Lyrics)
2025-09-24 05:33:37 - watch?v=t6ubQt8hYJ8
2025-09-24 05:33:52 - William Black & baby blue - Monster [Official Lyric Video]
2025-09-24 05:37:44 - watch?v=AEHGw7qc9Lk
2025-09-24 05:37:58 - Martin Garrix & David Guetta - So Far Away (Lyrics / Lyric Video) feat. Jamie Scott & Romy Dya
2025-09-24 05:40:59 - watch?v=NcSuwuuMvSI
2025-09-24 05:41:12 - @RihannaVEVO  - Diamonds (Jerber lazaro Remix)
2025-09-24 05:44:40 - watch?v=MubwveO_X6I
2025-09-24 05:44:53 - DEAMN - Dangerous (Lyrics)
2025-09-24 05:47:52 - watch?v=mGQFZxIuURE
2025-09-24 05:48:06 - Mike Perry - The Ocean (ft. Shy Martin) [Lyrics CC]
2025-09-24 05:51:07 - watch?v=oJuGlqO85YI
2025-09-24 05:51:19 - TheFatRat & Anjulie - Close To The Sun
2025-09-24 05:54:43 - watch?v=qdpXxGPqW-Y
2025-09-24 05:54:56 - Alan Walker - Faded (Lyrics)
2025-09-24 05:58:27 - watch?v=Q1cOYBPSNPE
2025-09-24 05:58:42 - Astronomia (Vicetone & Tony Igy) ♫ Shuffle Dance Special Music Video
2025-09-24 06:02:39 - watch?v=wJnBTPUQS5A
2025-09-24 06:02:53 - Alan Walker - The Spectre
2025-09-24 06:06:18 - watch?v=3nQNiWdeH2Q
2025-09-24 06:06:32 - Janji - Heroes Tonight (feat. Johnning) | Progressive House | NCS - Copyright Free Music
2025-09-24 06:09:59 - watch?v=mtUCy-G85lE
2025-09-24 06:10:20 - Ventaria - Fade Away (Lyrics)
2025-09-24 06:13:09 - watch?v=ehjL_6u4a_Q
2025-09-24 06:13:22 - Robin, HOYO-MiX, Chevy - Hope Is The Thing With Feathers (TakumiN Remix) ♪
2025-09-24 06:17:02 - watch?v=aS3buiED72Q
2025-09-24 06:17:24 - watch?v=SllMowPE6TE
2025-09-24 06:17:44 - watch?v=dZbU19tD0qA
2025-09-24 06:18:02 - watch?v=7i0gz1sVs4w
2025-09-24 06:18:20 - watch?v=gedAJQD-P2Q
2025-09-24 06:18:38 - watch?v=VVqXiJliV78
2025-09-24 06:18:55 - watch?v=P7iaIEZkE30
2025-09-24 08:13:09 - watch?v=VpxZBD4iQY4
2025-09-24 08:13:29 - watch?v=z9uZMay9NT4
2025-09-24 08:13:46 - watch?v=ALZHF5UqnU4
2025-09-24 08:14:06 - watch?v=8Ecvpd5HzYY
2025-09-24 08:14:23 - watch?v=VmaAE20XUy0
2025-09-24 08:14:42 - watch?v=XAYXscBZBY0
2025-09-24 08:15:00 - watch?v=sywd2u--ybo
2025-09-24 08:15:19 - watch?v=zuaIrKcATxo
2025-09-24 08:15:36 - watch?v=v-f5KmRdaJ8
2025-09-24 08:15:58 - watch?v=J55tGT97CJQ
2025-09-24 08:16:16 - watch?v=RgKAFK5djSk
2025-09-24 08:16:35 - watch?v=euCqAq6BRa4
2025-09-24 08:16:53 - watch?v=h--P8HzYZ74
2025-09-24 08:17:13 - watch?v=lzkKzZmRZk8
2025-09-24 08:17:32 - watch?v=GvB3OzTicQo
2025-09-24 08:17:51 - watch?v=15H0jdKhKtE
2025-09-24 08:18:10 - watch?v=_X--xYexBdI
2025-09-24 08:18:28 - watch?v=KuooR0cvPnI
2025-09-24 08:18:46 - watch?v=cHHLHGNpCSA
2025-09-24 11:51:23 - Robin, HOYO-MiX, Chevy - Hope Is The Thing With Feathers (TakumiN Remix) ♪
2025-09-24 11:51:24 - Robin, HOYO-MiX, Chevy - Hope Is The Thing With Feathers (TakumiN Remix) ♪
2025-09-24 11:52:11 - Ventaria - Fade Away (Lyrics)
2025-09-24 11:52:12 - Ventaria - Fade Away (Lyrics)
2025-09-24 11:52:54 - Best Nightcore Gaming Mix 2025 ♫ Gaming Music Mix ♫ New Music 2025 EDM Gaming Music
2025-09-24 11:53:12 - Best Nightcore Gaming Mix 2025 ♫ Gaming Music Mix ♫ New Music 2025 EDM Gaming Music
2025-09-24 11:53:21 - Best Nightcore Gaming Mix 2025 ♫ Gaming Music Mix ♫ New Music 2025 EDM Gaming Music
2025-09-24 11:53:40 - Vicetone - Nevada (ft. Cozi Zuehlsdorff)
2025-09-24 11:53:45 - Vicetone - Walk Thru Fire (Lyrics) ft. Meron Ryan
2025-09-24 11:53:45 - I Want You To Know - Zedd ft. Selena Gomez | Steve James Remix (Lyrics + Vietsub) ♫
2025-09-24 11:53:45 - Robin Hustin x TobiMorrow - Light It Up (feat. Jex) | Future Bounce | NCS - Copyright Free Music
2025-09-24 11:53:45 - Trivecta & Stefan PVDS - Echoes (Lyrics) Afinity Remix
2025-09-24 11:53:45 - TheFatRat - Fly Away feat. Anjulie
2025-09-24 11:53:46 - Unknown Brain - Inspiration (feat. Aviella) // NCS Lyrics Video
2025-09-24 11:53:46 - Unknown Brain - Why Do I? (feat. Bri Tolani) | Trap | NCS - Copyright Free Music
2025-09-24 11:53:46 - Illenium - Fractures (Feat. Nevve)
2025-09-24 11:53:46 - William Black - Whiplash (Lyrics)
2025-09-24 11:53:46 - Alok & Alan Walker - Headlights (Fajar Asia Remix) Dj Valka
2025-09-24 11:53:47 - SHAUN feat. Conor Maynard - Way Back Home (Lyrics) Sam Feldt Edit
2025-09-24 11:53:47 - Vicetone - Waiting (Official Video) feat. Daisy Guttridge
2025-09-24 11:53:47 - Gryffin - Tie Me Down (Lyrics) ft. Elley Duhé
2025-09-24 11:53:47 - Nightcore - Darkside - (Alan Walker / Lyrics)
2025-09-24 11:53:47 - Nightcore - Hiding In The Blue (Lyrics)
2025-09-24 11:53:47 - Nightcore - Linked - (Lyrics)
2025-09-24 11:53:48 - Nightcore -  Monody x Unity x Rise Up x Close to the Sun... AND MORE! (TheFatRat Mashup) / SV
2025-09-24 11:53:48 - Nightcore - Mortals x Royalty (Mashup) (Lyrics)
2025-09-24 11:53:48 - 【Nightcore】→ Unity (Alan Walker) || Lyrics
2025-09-24 11:53:48 - Nightcore - Feelin Again (Lyrics)
2025-09-24 11:53:48 - Nightcore - Give Myself To You (TheFatRat & Laura Brehm) (Lyrics)
2025-09-24 11:53:49 - Nightcore - Back One Day (TheFatRat & NEFFEX) (Lyrics)
2025-09-24 11:53:49 - Nightcore - Running Wild (Lyrics)
2025-09-24 11:53:49 - Lost Sky - Dreams pt. II (feat. Sara Skinner) | Trap | NCS - Copyright Free Music
2025-09-24 11:53:49 - William Black & Kate Morgan - Save Me (Lyrics)
2025-09-24 11:53:50 - Beyond Magic - Save Me Now (Lyrics)
2025-09-24 11:53:52 - watch?v=kRauptdx_Is
2025-09-24 11:54:12 - watch?v=oOi3oJmfz4o
2025-09-24 12:52:32 - watch?v=tMmwLWB1cqs&list=RDtMmwLWB1cqs&start_radio=1&pp=oAcB
2025-09-24 12:53:04 - watch?v=tMmwLWB1cqs
2025-09-24 12:53:26 - watch?v=kRauptdx_Is
2025-09-24 12:53:45 - watch?v=AnMhdn0wJ4I
2025-09-24 12:59:23 - watch?v=tMmwLWB1cqs&list=RDtMmwLWB1cqs&start_radio=1&pp=oAcB
2025-09-24 12:59:47 - watch?v=tMmwLWB1cqs
2025-09-24 13:00:07 - watch?v=AnMhdn0wJ4I
2025-09-24 13:00:25 - watch?v=kRauptdx_Is
2025-09-24 13:00:44 - watch?v=3pEe3mw-zJA
2025-09-24 13:04:57 - watch?v=tMmwLWB1cqs&list=RDtMmwLWB1cqs&start_radio=1&pp=oAcB
2025-09-24 13:05:19 - watch?v=tMmwLWB1cqs
2025-09-24 13:05:40 - watch?v=AnMhdn0wJ4I
2025-09-24 13:06:00 - watch?v=kRauptdx_Is
2025-09-24 13:06:07 - watch?v=p1Q96v7UTzQ
2025-09-24 13:06:08 - watch?v=H78YW7ycuwI
2025-09-24 13:06:28 - watch?v=n1a7o44WxNo
2025-09-24 13:06:50 - watch?v=kXhBKjDKF84
2025-09-24 13:07:10 - watch?v=gCYcHz2k5x0
2025-09-24 13:07:31 - watch?v=Nqqc2FHf9Ug
2025-09-24 13:07:55 - watch?v=VNl1JJveLlM
2025-09-24 13:08:42 - watch?v=p1Q96v7UTzQ
2025-09-24 13:10:24 - watch?v=j-yegMtstm8
2025-09-24 22:27:46 - watch?v=p1Q96v7UTzQ
2025-09-28 01:22:49 - watch?v=b_vFnM6lQIg
2025-09-28 01:23:01 - Thám Tử Lừng Danh Conan - Tập 928 | Conan, Heiji Và Truyền Thuyết Về Nue (P2) | Bản Lồng Tiếng
2025-09-28 01:23:20 - Thám Tử Lừng Danh Conan - Tập 928 | Conan, Heiji Và Truyền Thuyết Về Nue (P2) | Bản Lồng Tiếng
2025-09-28 01:49:41 - watch?v=_gh_Dmyq0YQ
2025-09-28 01:49:54 - Thám Tử Lừng Danh Conan - Chuyến Tham Quan Địa Ngục Tình Yêu | Conan Tổng Hợp Mới Nhất
2025-09-28 02:40:00 - watch?v=tKUI9Q_eb8U
2025-09-28 02:40:17 - Thám Tử Lừng Danh Conan  - Tập 781 | Kim Cương, Bức Họa Và Nữ Diễn Viên Nổi Tiếng | Bản Lồng Tiếng
2025-09-28 22:55:50 - watch?v=OhyBIXMlGB0
2025-09-28 22:56:05 - Thám Tử Lừng Danh Conan - Tập 930 | Tượng Phật Tiên Tri Bí Ẩn | Bản Lồng Tiếng
2025-09-28 23:23:24 - watch?v=j-yegMtstm8
2025-09-28 23:23:40 - Thám Tử Lừng Danh Conan - Tập 921 | Sân Khấu Của Kẻ Phản Bội (P1) | Bản Lồng Tiếng
2025-10-03 20:31:18 - watch?v=cWDwdKL98kI&list=RDcWDwdKL98kI&start_radio=1&pp=oAcB
2025-10-03 20:31:40 - watch?v=cWDwdKL98kI
2025-10-03 20:32:00 - watch?v=OIBODIPC_8Y
2025-10-03 20:32:21 - watch?v=Y4nEEZwckuU
2025-10-03 20:32:41 - watch?v=dy90tA3TT1c
2025-10-03 21:52:36 - watch?v=JARTdrrnueE
2025-10-03 21:52:52 - Thám Tử Lừng Danh Conan - Tập 931 | Nhân Chứng Máy Móc | Bản Lồng Tiếng
2025-10-03 22:30:13 - watch?v=y5q_r3awbE4&list=RDy5q_r3awbE4&start_radio=1&t=2911s&pp=oAcB
2025-10-03 22:30:26 - [playlist] 部屋にかけ流したいちょっとクセになるJapanese Song playlist🎧
2025-10-03 23:03:50 - watch?v=y5q_r3awbE4&list=RDy5q_r3awbE4&start_radio=1&t=2911s&pp=oAcB
2025-10-03 23:04:09 - watch?v=y5q_r3awbE4
2025-10-03 23:08:03 - watch?v=y5q_r3awbE4&list=RDy5q_r3awbE4&start_radio=1&t=2911s&pp=oAcB
2025-10-03 23:08:18 - [playlist] 部屋にかけ流したいちょっとクセになるJapanese Song playlist🎧
2025-10-03 23:25:28 - watch?v=y5q_r3awbE4&list=RDy5q_r3awbE4&start_radio=1&t=2911s&pp=oAcB
2025-10-03 23:25:39 - [playlist] 部屋にかけ流したいちょっとクセになるJapanese Song playlist🎧
2025-10-04 00:22:49 - watch?v=y5q_r3awbE4&list=RDy5q_r3awbE4&start_radio=1&t=2911s&pp=oAcB
2025-10-04 00:23:01 - [playlist] 部屋にかけ流したいちょっとクセになるJapanese Song playlist🎧
2025-10-04 01:16:07 - watch?v=y5q_r3awbE4&list=RDy5q_r3awbE4&start_radio=1&t=2911s&pp=oAcB
2025-10-04 01:16:18 - [playlist] 部屋にかけ流したいちょっとクセになるJapanese Song playlist🎧
2025-10-04 02:20:48 - watch?v=y5q_r3awbE4
2025-10-04 02:20:59 - [playlist] 部屋にかけ流したいちょっとクセになるJapanese Song playlist🎧
2025-10-04 03:25:19 - watch?v=-tKVN2mAKRI
2025-10-04 03:25:30 - DAOKO × 米津玄師『打上花火』MUSIC VIDEO
2025-10-04 03:59:48 - watch?v=QoX0lkNOSew&list=RDQoX0lkNOSew&start_radio=1&pp=oAcB
2025-10-04 04:00:00 - [playlist] Chill Japanese songs💜 - ちょっとだけ怪しい雰囲気漂うチルなJapanese songs playlist🎧
2025-10-04 05:04:49 - watch?v=QoX0lkNOSew
2025-10-04 05:05:01 - [playlist] Chill Japanese songs💜 - ちょっとだけ怪しい雰囲気漂うチルなJapanese songs playlist🎧
2025-10-04 06:09:49 - watch?v=iblYCTOlmAM
2025-10-04 06:10:01 - デートの魔法 - Special Edition / 寿司娘 34th Single
2025-10-04 06:13:58 - watch?v=CofLOcR9XYA
2025-10-04 06:14:10 - 「Silent Pages」/ 寿司娘 10th Single
2025-10-04 06:17:53 - watch?v=kT3kiu8diyM
2025-10-04 06:18:05 - 【歌ってみた】夢をみせて - Cö shu Nie covered by 琶舞
2025-10-04 06:23:39 - watch?v=EAW1zjldjO4
2025-10-04 06:23:51 - 理芽 - 法螺話 (with Guiano) / RIM - Tall Story (with Guiano) (Official Music Video)
2025-10-04 06:27:24 - watch?v=cPGA_ZUBF8Y
2025-10-04 06:27:36 - Deep Sleep Sheep / HACHI 【Official MV】
2025-10-04 06:31:24 - watch?v=8iuLXODzL04
2025-10-04 06:31:36 - YOASOBI「たぶん」Official Music  Video
2025-10-04 06:36:00 - watch?v=xJTFa8fEiv4
2025-10-04 06:36:11 - Kirara Magic - Good Dream (feat. Shion) MV
2025-10-04 06:40:38 - watch?v=kox0jas_GqU
2025-10-04 06:40:49 - ずっと一緒にいたね / 寿司娘 21st Single
2025-10-04 06:44:11 - watch?v=NSC6rsq_me4
2025-10-04 06:44:22 - 気づいたら、好きだった。- Rearranged Ver.  / 寿司娘 45th Single
2025-10-04 06:48:02 - watch?v=QoVAm801sDM
2025-10-04 06:48:13 - 夏夢 Summer dream - 汐Seki【Official Music Video】
2025-10-04 06:52:50 - watch?v=WAi1oqHZuYY
2025-10-04 06:53:01 - 不器用なキミへ / 寿司娘 43rd Single
2025-10-04 06:56:45 - watch?v=TLvMXOEXi_k
2025-10-04 06:56:57 - 17さいのうた。 / 『ユイカ』【MV】
2025-10-04 07:02:10 - watch?v=-tKVN2mAKRI
2025-10-04 07:02:22 - DAOKO × 米津玄師『打上花火』MUSIC VIDEO
2025-10-04 07:07:15 - watch?v=cXeo2yn22z0
2025-10-04 07:07:27 - 一首好聽的日語歌——《カルデラ》黒木渚
2025-10-04 07:13:22 - watch?v=4NA6FJOCmjE
2025-10-04 07:13:30 - 【Ado】夏夜のマジック 歌いました
2025-10-04 07:18:37 - watch?v=766qmHTc2ro
2025-10-04 07:18:49 - 美波「アメヲマツ、」MV
2025-10-04 07:24:04 - watch?v=FR91CB5SBWU
2025-10-04 07:24:16 - 命に嫌われている。/ カンザキイオリ(Covered by コバソロ & 相沢)
2025-10-04 07:29:31 - watch?v=9nCkUgTO5x4
2025-10-04 07:29:43 - 【女性が歌う】灰色と青＋菅田将暉/米津玄師(Covered by コバソロ & 春茶)
2025-10-04 07:35:35 - watch?v=TfZUcD7mwck
2025-10-04 07:35:46 - ロクデナシ「雨景色」/ Rokudenashi - The Shape of Rain【Official Music Video】
2025-10-04 07:39:08 - watch?v=yUnY_9Acxq8
2025-10-04 07:39:20 - 957 「君が笑って仕舞えば」　Music Video
2025-10-04 07:43:32 - watch?v=dkqt-QZV1R8
2025-10-04 07:43:43 - りりあ。riria. / 最後のバイバイ。saigo no bye bye [Music Video]
2025-10-04 07:47:56 - watch?v=kRjF5p0_Qkk
2025-10-04 07:48:07 - 斑色 feat. 由 -iu- / コバソロ
2025-10-04 07:52:24 - watch?v=b4idC3-2vwo
2025-10-04 07:52:32 - ソラゴト - 明透 Op.3 / 幸Sachi【cover】Ft. @煦Hiyori
2025-10-04 07:55:58 - watch?v=p-65hw01vgw
2025-10-04 07:56:10 - Empty old City - Pulse in Flora
2025-10-04 08:00:11 - watch?v=8sGpI43zJsk
2025-10-04 08:00:22 - Empty old City - Moonian
2025-10-04 08:04:31 - watch?v=ngrBbLTvjN4
2025-10-04 08:04:42 - Aimer「星の消えた夜に -rit. ver.-」MUSIC VIDEO(new album『星の消えた夜に』now on sale）
2025-10-04 08:10:47 - watch?v=X3eAHtIwBI4
2025-10-04 08:10:59 - ReoNa「ガジュマル ～Heaven in the Rain～」× TVアニメ「シャングリラ・フロンティア」SPECIALコラボムービー
2025-10-04 08:16:03 - watch?v=_XeE2aEiPHk
2025-10-04 08:16:12 - ロクデナシ「愛が灯る」/ Rokudenashi - The Flame of Love【Official Music Video】
2025-10-04 08:19:33 - watch?v=kzdJkT4kp-A
2025-10-04 08:19:44 - YOASOBI「ハルジオン」Official Music Video
2025-10-04 08:23:08 - watch?v=UBfozv6q8zY
2025-10-04 08:23:19 - Empty old City - Inside Story
2025-10-04 08:27:27 - watch?v=T00iBe0h36E
2025-10-04 08:27:38 - 雪にひまわり / 埃穆亞OUMUA cover【歌ってみた】
2025-10-04 08:31:31 - watch?v=YhbjpTBrQlg
2025-10-04 08:31:42 - WIM - Weirdo (Music Video)
2025-10-04 08:37:32 - watch?v=YhvdUfhWUgk
2025-10-04 08:37:43 - Thomas Vouz & GLNNA - Intertwine (Lyrics)
2025-10-04 08:41:02 - watch?v=vI1WnpwpxA8
2025-10-04 08:41:14 - Trivecta & Stefan PVDS - Echoes (Lyrics) Afinity Remix
2025-10-04 08:44:48 - watch?v=gedAJQD-P2Q
2025-10-04 08:44:59 - A-ZAR - Not This Time (Lyrics) ft. Kelsey Ray
2025-10-04 08:48:51 - watch?v=CjRR-ZlWyqc
2025-10-04 08:48:59 - Far Out - Lost With You (feat. Ruby Chase)
2025-10-04 08:53:10 - watch?v=0MwnoC5bCoA
2025-10-04 08:53:21 - Orlost & UNDEFYND - See You Again (Lyrics) ft. Donna Tella
2025-10-04 08:58:25 - watch?v=Ux2_ZuuVWnU
2025-10-04 08:58:36 - TheFatRat & EVERGLOW - Ghost Light
2025-10-04 09:01:50 - watch?v=3kugKItObaU
2025-10-04 09:02:01 - 西憂花『ふわふわhazy』Lyric Video
2025-10-04 09:06:29 - watch?v=yGrEZkIm0AE
2025-10-04 09:06:40 - 喜劇 (Comedy) / Miori Celesta cover 【SPY X FAMILY ED】
2025-10-04 09:10:33 - watch?v=VxZzWy-H_aY
2025-10-04 09:10:44 - 【アニメMV】恋してるの / 寿司娘 49th Single
2025-10-04 09:13:58 - watch?v=O_-YCy51H6Y
2025-10-04 09:14:10 - Fragile - 花鋏キョウ 【MV】
2025-10-04 09:18:18 - watch?v=ssdIOVZv2q0
2025-10-04 09:18:30 - 【MAD】在這個沒有你的天空和溫暖的世界
2025-10-04 09:24:11 - watch?v=siZ0sHrwO2A
2025-10-04 09:24:30 - รักเธอทั้งหมดของหัวใจ - PAUSE (cover) | ZONA 🐳
2025-10-04 09:31:12 - watch?v=tyF_z57vTmo
2025-10-04 09:31:28 - 「Nightcore」→ 星河入海 - (Lyrics)
2025-10-04 09:34:28 - watch?v=nHDWPOHl5NI
2025-10-04 09:34:37 - Rain Lily / relier【MV】
2025-10-04 09:49:56 - watch?v=QoX0lkNOSew&list=RDQoX0lkNOSew&start_radio=1&pp=oAcB
2025-10-04 09:50:05 - [playlist] Chill Japanese songs💜 - ちょっとだけ怪しい雰囲気漂うチルなJapanese songs playlist🎧
2025-10-04 09:52:20 - HÙNG VĨ NHƯ CẦU VỒNG - CHIDORI REMIX  SINGLE TRACK REMIX - CHIDORI OFFICIAL (1080p, h264).mp4
2025-10-04 09:52:20 - HÙNG VĨ NHƯ CẦU VỒNG - CHIDORI REMIX || SINGLE TRACK REMIX
2025-10-04 10:18:42 - watch?v=QoX0lkNOSew&list=RDQoX0lkNOSew&start_radio=1&pp=oAcB
2025-10-04 10:18:53 - [playlist] Chill Japanese songs💜 - ちょっとだけ怪しい雰囲気漂うチルなJapanese songs playlist🎧
